{
    "model": "granite4:350m",
    "responses": {
        "casual": {
            "1": "<the option number>",
            "2": "<the option number>",
            "3": "<the option number>",
            "4": "<the option number>",
            "5": "<the option number>",
            "6": "<the option number>",
            "7": "<the option number>",
            "8": "<the option number>",
            "9": "<the option number>",
            "10": "<the option number>",
            "11": "<the option number>",
            "12": "<the option number>"
        },
        "casual_explain": {
            "1": "<the option number>",
            "2": "The option number is 2.",
            "3": "The option number is 2. The Carpathian Mountains.",
            "4": "The option number is 2.",
            "5": "<the option number>",
            "6": "The option number is 2.",
            "7": "<the option number>",
            "8": "The option number is 4.",
            "9": "The option number is 2.",
            "10": "The option number is 2.",
            "11": "1) 1989",
            "12": "The option number is 2."
        },
        "evaluation": {
            "1": "<the option number>",
            "2": "<the option number>",
            "3": "<the option number>",
            "4": "<the option number>",
            "5": "<the option number>",
            "6": "<the option number>",
            "7": "<the option number>",
            "8": "<the option number>",
            "9": "<the option number>",
            "10": "<the option number>",
            "11": "1) 1989",
            "12": "<the option number>"
        },
        "evaluation_explain": {
            "1": "<the option number>",
            "2": "The option number is 2.",
            "3": "The option number",
            "4": "The option number is 2.",
            "5": "<the option number>",
            "6": "The option number",
            "7": "England",
            "8": "The option number is 4.",
            "9": "<the option number>",
            "10": "The option number is 2.",
            "11": "1) 1989",
            "12": "The option number is 2."
        },
        "casual_v2": {
            "1": "<the option number>",
            "2": "<the option number>",
            "3": "<the option number>",
            "4": "<the option number>",
            "5": "<the option number>",
            "6": "<the option number>",
            "7": "<the option number>",
            "8": "<the option number>",
            "9": "<the option number>",
            "10": "<the option number>",
            "11": "<the option number>",
            "12": "<the option number>"
        }
    }
}
